[raped.lol/index.html]
[raped.lol/GET]
[backblue.gif]
[fade.gif]
[index.html]
[raped.lol/assets/cosmo.css]
[raped.lol/assets/anim.css]
[raped.lol/assets/style.css]
[raped.lol/assets/cancel.css]
[raped.lol/assets/imageedit_2_7583773831.gif]
[raped.lol/assets/Comp_1_3.mp4]
[raped.lol/speculate.html]
[i.ibb.co/D8vWbSn/sparkle.gif]
[raped.lol/assets/1.mp3]
[raped.lol/assets/audio.js]
[raped.lol/assets/main-audio-unlock.js]
[raped.lol/index-2.html]
[raped.lol/assets/sparkle.js]
[raped.lol/assets/disable_inspect.js]
[raped.lol/assets/app.js]
[raped.lol/index.html]
[raped.lol/GET.html]
[raped.lol/assets/cosmo.css]
[raped.lol/assets/anim.css]
[raped.lol/assets/style.css]
[raped.lol/assets/cancel.css]
[raped.lol/assets/routing.js]
[raped.lol/Speculate-assets/index.js.html]
[raped.lol/Speculate-assets/main-2.css]
[raped.lol/Speculate-assets/38359ed66d.js]
[raped.lol/Speculate-assets/typed.min.js]
[raped.lol/Speculate-assets/jquery.min.js]
[raped.lol/Speculate-assets/baby.png]
[raped.lol/Speculate-assets/fraudstar.mp3]
[raped.lol/assets/css/modes.ttf.html]
[raped.lol/Speculate-assets/typed.js]
[raped.lol/Speculate-assets/main.js]
[raped.lol/Speculate-assets/disable_inspect.js]
[raped.lol/Speculate-assets/disable-devtool.min.js]
[raped.lol/Speculate-assets/funny.js]
[raped.lol/Speculate-assets/snow.js]
[raped.lol/Speculate-assets/roblox.png]
[raped.lol/Speculate-assets/fa.css]
[raped.lol/Speculate-assets/app.js]
[raped.lol/speculate.html]
[raped.lol/index-2.html]
[raped.lol/assets/img/logo.png]
[raped.lol/Speculate-assets/script.js.html]
[raped.lol/http]
[raped.lol/Speculate-assets/index.js.html]
[raped.lol/Speculate-assets/derk.otf.html]
[raped.lol/Speculate-assets/modes.ttf.html]
[raped.lol/Speculate-assets/main-2.css]
[raped.lol/assets/css/modes.ttf.html]
[raped.lol/Speculate-assets/fa.css]
[raped.lol/Speculate-assets/script.js.html]
[raped.lol/assets/img/logo.html]
[raped.lol/http.html]
[raped.lol/Speculate-assets/derk.otf.html]
[raped.lol/Speculate-assets/modes.ttf.html]
[i.pinimg.com/originals/c1/1f/01/c11f01822eaf4ec2d8888158c0657d6b.gif]
[cdn.discordapp.com/attachments/873329563986440232/1303062262315094097/49873802eb5548abb0774c1ec97a2cd1a1f2.gif]
[media.discordapp.net/attachments/1066478815632703498/1098963381848907836/blackscythe0843.png]
[media.discordapp.net/attachments/987149728800198686/991834200309248070/sparkle.gif]
